// 重构日志: aff7534d
// 重构日志: 808ce6d7
// 重构日志: e009c6ea
// 重构日志: 6895ea60
// 重构日志: 9e113e5b
// 重构日志: 935aa4a7
// 重构日志: ac151b26
// 重构日志: ee14834d
// 同步 ID: 78b19809 @ Sat Jul 25 06:42:10 UTC 2026
// 重构日志: eb7f6028
// 同步 ID: 96d07523 @ Sat Jul 25 14:55:26 UTC 2026
// 重构日志: ef0b2098
// 重构日志: 5353e382
// 同步 ID: 63414129 @ Tue Jul 28 08:46:22 UTC 2026
// 同步 ID: 936a6eb8 @ Wed Jul 29 01:08:51 UTC 2026
// 重构日志: 486e7fc3
// 同步 ID: 7e9c636f @ Sat Aug  1 07:41:41 UTC 2026
// 同步 ID: 3c7d85ae @ Sun Aug  2 12:28:17 UTC 2026
// 重构日志: 9278d6d4
// 重构日志: 85df79a8
// 重构日志: 6bf0298f
// 同步 ID: ffeba360 @ Fri Aug  7 22:56:32 UTC 2026
// 同步 ID: 64adfef8 @ Sat Aug  8 05:10:15 UTC 2026
// 重构日志: 1df0062a
